<?xml version="1.0" encoding="UTF-8"?>
<testng-results ignored="0" total="4" passed="4" failed="0" skipped="0">
  <reporter-output>
  </reporter-output>
  <suite started-at="2022-10-27T03:41:49 IST" name="Test case suite QTrip Apps" finished-at="2022-10-27T03:42:06 IST" duration-ms="16396">
    <groups>
      <group name="API Tests">
        <method signature="testCase_API_01.TestCase01()[pri:0, instance:qtriptest.APITests.testCase_API_01@710636b0]" name="TestCase01" class="qtriptest.APITests.testCase_API_01"/>
        <method signature="testCase_API_02.TestCase02()[pri:0, instance:qtriptest.APITests.testCase_API_02@6f204a1a]" name="TestCase02" class="qtriptest.APITests.testCase_API_02"/>
        <method signature="testCase_API_03.TestCase03()[pri:0, instance:qtriptest.APITests.testCase_API_03@2de56eb2]" name="TestCase03" class="qtriptest.APITests.testCase_API_03"/>
        <method signature="testCase_API_04.TestCase04()[pri:0, instance:qtriptest.APITests.testCase_API_04@5f8e8a9d]" name="TestCase04" class="qtriptest.APITests.testCase_API_04"/>
      </group> <!-- API Tests -->
    </groups>
    <test started-at="2022-10-27T03:41:49 IST" name="All test class" finished-at="2022-10-27T03:42:06 IST" duration-ms="16396">
      <class name="qtriptest.APITests.testCase_API_01">
        <test-method signature="TestCase01()[pri:0, instance:qtriptest.APITests.testCase_API_01@710636b0]" started-at="2022-10-27T03:41:49 IST" name="TestCase01" description="Verify that a new user can be registered and login using APIs of QTrip" finished-at="2022-10-27T03:41:56 IST" duration-ms="6761" status="PASS">
          <reporter-output>
          </reporter-output>
        </test-method> <!-- TestCase01 -->
      </class> <!-- qtriptest.APITests.testCase_API_01 -->
      <class name="qtriptest.APITests.testCase_API_02">
        <test-method signature="TestCase02()[pri:0, instance:qtriptest.APITests.testCase_API_02@6f204a1a]" started-at="2022-10-27T03:41:56 IST" name="TestCase02" description="Verify that the search City API Returns the correct number of results" finished-at="2022-10-27T03:41:58 IST" duration-ms="1865" status="PASS">
          <reporter-output>
          </reporter-output>
        </test-method> <!-- TestCase02 -->
      </class> <!-- qtriptest.APITests.testCase_API_02 -->
      <class name="qtriptest.APITests.testCase_API_03">
        <test-method signature="TestCase03()[pri:0, instance:qtriptest.APITests.testCase_API_03@2de56eb2]" started-at="2022-10-27T03:41:58 IST" name="TestCase03" description="Verify that a reservation can be made using the QTrip API" finished-at="2022-10-27T03:42:03 IST" duration-ms="5124" status="PASS">
          <reporter-output>
          </reporter-output>
        </test-method> <!-- TestCase03 -->
      </class> <!-- qtriptest.APITests.testCase_API_03 -->
      <class name="qtriptest.APITests.testCase_API_04">
        <test-method signature="TestCase04()[pri:0, instance:qtriptest.APITests.testCase_API_04@5f8e8a9d]" started-at="2022-10-27T03:42:03 IST" name="TestCase04" description="Verify that a duplicate user account cannot be created on the Qtrip Website" finished-at="2022-10-27T03:42:06 IST" duration-ms="2552" status="PASS">
          <reporter-output>
          </reporter-output>
        </test-method> <!-- TestCase04 -->
      </class> <!-- qtriptest.APITests.testCase_API_04 -->
    </test> <!-- All test class -->
  </suite> <!-- Test case suite QTrip Apps -->
</testng-results>
